// Jest Snapshot v1, https://goo.gl/fbAQLP

exports[`Pruebas en el componente <GifItem/> Debe mostrar el componente correctamente 1`] = `
<div>
  <div
    class="card"
  >
    <img
      alt="One piece"
      src="http://localhost:3000/one-piece.gif"
    />
    <p>
      One piece
    </p>
  </div>
</div>
`;
